curl \
	--request POST \
	--header "Apikey: dummy.api.key" \
	--header "Authorization: Bearer accesstoken" \
	--header "Content-Type: application/json" \
	--header "X-Client-Info: gotrue-swift/x.y.z" \
	--header "X-Supabase-Api-Version: 2024-01-01" \
	--data "{\"factor_type\":\"totp\",\"friendly_name\":\"test\",\"issuer\":\"supabase.com\"}" \
	"http://localhost:54321/auth/v1/factors"