curl \
	--request POST \
	--header "Apikey: dummy.api.key" \
	--header "Content-Type: application/json" \
	--header "X-Client-Info: gotrue-swift/x.y.z" \
	--header "X-Supabase-Api-Version: 2024-01-01" \
	--data "{\"gotrue_meta_security\":{\"captcha_token\":\"captcha-token\"},\"phone\":\"+1 202-918-2132\",\"type\":\"phone_change\"}" \
	"http://localhost:54321/auth/v1/resend"